// Jest Snapshot v1, https://goo.gl/fbAQLP

exports[`Exchange true 1`] = `
<div
  className="StyledBox-sc-13pk1d4-0 hnasWA"
>
  <form
    onReset={[Function]}
    onSubmit={[Function]}
  >
    <div
      className="StyledBox-sc-13pk1d4-0 gAsOLC"
    >
      <div
        className="StyledBox-sc-13pk1d4-0 gAsOLC"
      >
        <div
          className="StyledBox-sc-13pk1d4-0 fkEaZX"
        >
          <div
            className="StyledBox-sc-13pk1d4-0 kJuWxj"
          >
            <button
              aria-label="Open Drop"
              className="StyledButton-sc-323bzc-0 kUDdtj Select__StyledSelectDropButton-sc-17idtfo-1 bsheiM"
              onBlur={[Function]}
              onClick={[Function]}
              onFocus={[Function]}
              onKeyDown={[Function]}
              onMouseOut={[Function]}
              onMouseOver={[Function]}
              type="button"
            >
              <div
                className="StyledBox-sc-13pk1d4-0 lhHpuy"
              >
                <div
                  className="StyledBox-sc-13pk1d4-0 gErjJY"
                >
                  <div
                    className="StyledTextInput__StyledTextInputContainer-sc-1x30a0s-1 flNVco"
                  >
                    <input
                      autoComplete="off"
                      className="StyledTextInput-sc-1x30a0s-0 eymfXE Select__SelectTextInput-sc-17idtfo-0 jwiVPE"
                      name="from_wallet"
                      onBlur={[Function]}
                      onFocus={[Function]}
                      onKeyDown={[Function]}
                      placeholder="From"
                      readOnly={true}
                      size="medium"
                      tabIndex="-1"
                      type="text"
                      value="GBP"
                    />
                  </div>
                </div>
                <div
                  className="StyledBox-sc-13pk1d4-0 dderd"
                  style={
                    Object {
                      "minWidth": "auto",
                    }
                  }
                >
                  <svg
                    aria-label="FormDown"
                    className="StyledIcon-ofa7kd-0 gvGxfc"
                    viewBox="0 0 24 24"
                  >
                    <polyline
                      fill="none"
                      points="18 9 12 15 6 9"
                      stroke="#000"
                      strokeWidth="2"
                    />
                  </svg>
                </div>
              </div>
            </button>
            <span
              className="StyledText-sc-1sadyjn-0 CVDRa"
              style={
                Object {
                  "marginTop": 10,
                }
              }
            >
              Balance: 1090.00
            </span>
          </div>
          <div
            className="StyledBox__StyledBoxGap-sc-13pk1d4-1 bZqeeV"
          />
          <div
            className="StyledTextInput__StyledTextInputContainer-sc-1x30a0s-1 flNVco"
          >
            <input
              autoComplete="off"
              className="StyledTextInput-sc-1x30a0s-0 ksHnCo"
              inputMode="decimal"
              name="from_value"
              onBlur={[Function]}
              onChange={[Function]}
              onFocus={[Function]}
              onInput={[Function]}
              onKeyDown={[Function]}
              placeholder="0"
              size="medium"
              step={0.01}
              style={
                Object {
                  "textAlign": "right",
                }
              }
              type="number"
              value={0}
            />
          </div>
        </div>
      </div>
      <div
        className="StyledBox__StyledBoxGap-sc-13pk1d4-1 qCliw"
      />
      <div
        className="StyledBox-sc-13pk1d4-0 gAsOLC"
      >
        <div
          className="StyledBox-sc-13pk1d4-0 fkEaZX"
        >
          <div
            className="StyledBox-sc-13pk1d4-0 kJuWxj"
          >
            <button
              aria-label="Open Drop"
              className="StyledButton-sc-323bzc-0 kUDdtj Select__StyledSelectDropButton-sc-17idtfo-1 eoEKMM"
              onBlur={[Function]}
              onClick={[Function]}
              onFocus={[Function]}
              onKeyDown={[Function]}
              onMouseOut={[Function]}
              onMouseOver={[Function]}
              type="button"
            >
              <div
                className="StyledBox-sc-13pk1d4-0 lhHpuy"
              >
                <div
                  className="StyledBox-sc-13pk1d4-0 gErjJY"
                >
                  <div
                    className="StyledTextInput__StyledTextInputContainer-sc-1x30a0s-1 flNVco"
                  >
                    <input
                      autoComplete="off"
                      className="StyledTextInput-sc-1x30a0s-0 eymfXE Select__SelectTextInput-sc-17idtfo-0 jwiVPE"
                      name="to_wallet"
                      onBlur={[Function]}
                      onFocus={[Function]}
                      onKeyDown={[Function]}
                      placeholder="To"
                      readOnly={true}
                      size="medium"
                      tabIndex="-1"
                      type="text"
                      value="EUR"
                    />
                  </div>
                </div>
                <div
                  className="StyledBox-sc-13pk1d4-0 dderd"
                  style={
                    Object {
                      "minWidth": "auto",
                    }
                  }
                >
                  <svg
                    aria-label="FormDown"
                    className="StyledIcon-ofa7kd-0 gvGxfc"
                    viewBox="0 0 24 24"
                  >
                    <polyline
                      fill="none"
                      points="18 9 12 15 6 9"
                      stroke="#000"
                      strokeWidth="2"
                    />
                  </svg>
                </div>
              </div>
            </button>
            <span
              className="StyledText-sc-1sadyjn-0 CVDRa"
              style={
                Object {
                  "marginTop": 10,
                }
              }
            >
              Balance: 0.00
            </span>
          </div>
          <div
            className="StyledBox__StyledBoxGap-sc-13pk1d4-1 bZqeeV"
          />
          <div
            className="StyledTextInput__StyledTextInputContainer-sc-1x30a0s-1 flNVco"
          >
            <input
              autoComplete="off"
              className="StyledTextInput-sc-1x30a0s-0 eymfXE"
              inputMode="decimal"
              name="to_value"
              onBlur={[Function]}
              onFocus={[Function]}
              onInput={[Function]}
              onKeyDown={[Function]}
              placeholder="0"
              readOnly={true}
              size="medium"
              step={0.01}
              style={
                Object {
                  "textAlign": "right",
                }
              }
              type="number"
              value="0.00"
            />
          </div>
        </div>
      </div>
      <div
        className="StyledBox__StyledBoxGap-sc-13pk1d4-1 qCliw"
      />
      <div
        className="StyledBox-sc-13pk1d4-0 iIIbdL"
        style={
          Object {
            "borderColor": "#6FFFB0",
            "borderRadius": "10px",
            "borderStyle": "solid",
            "borderWidth": "small",
          }
        }
      >
        <span
          className="StyledText-sc-1sadyjn-0 jhkZDB"
          role="rate_value"
        >
          Loading Rates...
        </span>
      </div>
      <div
        className="StyledBox__StyledBoxGap-sc-13pk1d4-1 qCliw"
      />
      <div
        className="StyledBox-sc-13pk1d4-0 hqpbFa"
      >
        <button
          className="StyledButton-sc-323bzc-0 kUDdtj"
          onBlur={[Function]}
          onClick={[Function]}
          onFocus={[Function]}
          onMouseOut={[Function]}
          onMouseOver={[Function]}
          type="button"
        >
          <svg
            aria-label="PowerCycle"
            className="StyledIcon-ofa7kd-0 bzzphA"
            viewBox="0 0 24 24"
          >
            <path
              d="M20,8 C18.5343681,5.03213345 15.4860999,3 11.9637942,3 C7.01333514,3 3,7.02954545 3,12 M4,16 C5.4656319,18.9678666 8.51390007,21 12.0362058,21 C16.9866649,21 21,16.9704545 21,12 M9,16 L3,16 L3,22 M21,2 L21,8 L15,8"
              fill="none"
              stroke="#000"
              strokeWidth="2"
            />
          </svg>
        </button>
        <div
          className="StyledBox__StyledBoxGap-sc-13pk1d4-1 eHjkEI"
        />
        <button
          className="StyledButton-sc-323bzc-0 bYHuRP"
          disabled={false}
          onBlur={[Function]}
          onFocus={[Function]}
          onMouseOut={[Function]}
          onMouseOver={[Function]}
          type="submit"
        >
          Exchange
        </button>
      </div>
    </div>
  </form>
</div>
`;
